[33mÔØ»[39m Building...
[32mÔ£ö[39m Building...
[1mInitial chunk files[22m                                                     [2m | [22m[1mNames[22m                                                                [2m | [22m [1mRaw size[22m
[32mstyles.css[39m                                                              [2m | [22m[2mstyles[22m                                                               [2m | [22m[36m403.40 kB[39m[2m | [22m
[32mscripts.js[39m                                                              [2m | [22m[2mscripts[22m                                                              [2m | [22m[36m107.73 kB[39m[2m | [22m
[32mspec-app-components-dashboard-mineral-waters-mineral-waters.component.js[39m[2m | [22m[2mspec-app-components-dashboard-mineral-waters-mineral-waters.component[22m[2m | [22m [36m87.83 kB[39m[2m | [22m
[32mchunk-RSTWSNOR.js[39m                                                       [2m | [22m[2m-[22m                                                                    [2m | [22m  [36m4.75 kB[39m[2m | [22m
[32minit-testbed.js[39m                                                         [2m | [22m[2minit-testbed[22m                                                         [2m | [22m  [36m1.21 kB[39m[2m | [22m

[1m [22m                                                                       [2m | [22m[1mInitial total[22m                                                        [2m | [22m[1m604.92 kB[22m

Application bundle generation complete. [4.425 seconds] - 2026-06-08T03:37:59.738Z


[1m[46m RUN [49m[22m [36mv4.0.18 [39m[90mC:/Users/mouni/OneDrive/Bureau/PFE/OTIC/frontend[39m

 [31mÔØ»[39m [30m[43m frontend [49m[39m src/app/components/dashboard/mineral-waters/mineral-waters.component.spec.ts [2m([22m[2m0 test[22m[2m)[22m
node.exe : 
Au caractère C:\Users\mouni\AppData\
Roaming\npm\ng.ps1:24 : 5
+     & "node$exe"  "$basedir/node_m
odules/@angular/cli/bin/ng.js" $arg 
...
+     ~~~~~~~~~~~~~~~~~~~~~~~~~~~~~~
~~~~~~~~~~~~~~~~~~~~~~~~~~~~~~~~~~~
    + CategoryInfo          : NotSp 
   ecified: (:String) [], RemoteEx  
  ception
    + FullyQualifiedErrorId : Nativ 
   eCommandError
 
[31mÔÄ»ÔÄ»ÔÄ»ÔÄ»ÔÄ»ÔÄ»[39m[1m[41
m Failed Suites 1 [49m[22m[31mÔÄ»
ÔÄ»ÔÄ»ÔÄ»ÔÄ»ÔÄ»ÔÄ»[39m

[41m[1m FAIL [22m[49m 
[30m[43m frontend [49m[39m src/a
pp/components/dashboard/mineral-wate
rs/mineral-waters.component.spec.ts
[2m [ src/app/components/dashboard/m
ineral-waters/mineral-waters.compone
nt.spec.ts ][22m
[31m[1mError[22m: 
zone-testing.js is needed for the 
fakeAsync() test helper but could 
not be found.
        Please make sure that your 
environment includes 
zone.js/testing[39m
[90m [2mÔØ»[22m 
withFakeAsyncTestModule node_modules
/@angular/core/fesm2022/testing.mjs:
[2m297:11[22m[39m
[90m [2mÔØ»[22m Module.fakeAsync 
node_modules/@angular/core/fesm2022/
testing.mjs:[2m311:10[22m[39m
[36m [2mÔØ»[22m src/app/component
s/dashboard/mineral-waters/mineral-w
aters.component.spec.ts:[2m102:44[
22m[39m

[2m Test Files [22m [1m[31m1 failed[39m[22m[90m (1)[39m
[2m      Tests [22m [2mno tests[22m
[2m   Start at [22m 04:38:00
[2m   Duration [22m 2.16s[2m (transform 312ms, setup 528ms, import 0ms, tests 0ms, environment 1.03s)[22m

    [90m100| [39m    })[33m;[39m
    [90m101| [39m
    [90m102| [39m    
[34mit[39m([32m'should load 
water brands on 
init'[39m[33m,[39m 
[34mfakeAsync[39m(() [33m=>[39m 
{
    [90m   | [39m                 
                          
[31m^[39m
    [90m103| [39m        fixture[
33m.[39m[34mdetectChanges[39m()[
33m;[39m
    [90m104| [39m        [34mtick
[39m([34m150[39m)[33m;[39m 
[90m// Wait for 
setTimeout(initCharts, 100)[39m

[31m[2mÔÄ»ÔÄ»ÔÄ»ÔÄ»ÔÄ»ÔÄ»ÔÄ»ÔÄ»ÔÄ»
ÔÄ»ÔÄ»ÔÄ»ÔÄ»ÔÄ»ÔÄ»ÔÄ»ÔÄ»ÔÄ»ÔÄ»ÔÄ»ÔÄ»
ÔÄ»ÔÄ»ÔÄ»[1/1]ÔÄ»[22m[39m

